Analyzing app...                                                

  error - The name 'AutoDisposeProvider' isn't a class - lib\providers\auth_provider.g.dart:13:29 - creation_with_non_type
  error - Undefined class 'AutoDisposeProviderRef' - lib\providers\auth_provider.g.dart:22:26 - undefined_class
  error - The name 'AutoDisposeStreamProvider' isn't a class - lib\providers\auth_provider.g.dart:27:27 - creation_with_non_type
  error - Undefined class 'AutoDisposeStreamProviderRef' - lib\providers\auth_provider.g.dart:36:24 - undefined_class
  error - The name 'AutoDisposeProvider' isn't a class - lib\providers\game_provider.g.dart:13:28 - creation_with_non_type
  error - Undefined class 'AutoDisposeProviderRef' - lib\providers\game_provider.g.dart:22:25 - undefined_class
  error - The name 'AutoDisposeProvider' isn't a class - lib\providers\game_provider.g.dart:27:26 - creation_with_non_type
  error - Undefined class 'AutoDisposeProviderRef' - lib\providers\game_provider.g.dart:36:23 - undefined_class
  error - The name 'AutoDisposeStreamProvider' isn't a class - lib\providers\player_provider.g.dart:14:5 - creation_with_non_type
  error - Undefined class 'AutoDisposeStreamProviderRef' - lib\providers\player_provider.g.dart:24:7 - undefined_class
  error - The name 'AutoDisposeStreamProvider' isn't a class - lib\providers\player_provider.g.dart:29:26 - creation_with_non_type
  error - Undefined class 'AutoDisposeStreamProviderRef' - lib\providers\player_provider.g.dart:38:23 - undefined_class
  error - Classes can only extend other classes - lib\providers\room_provider.dart:14:31 - extends_non_class
warning - The method doesn't override an inherited method - lib\providers\room_provider.dart:16:11 - override_on_non_overriding_member
  error - Undefined name 'state' - lib\providers\room_provider.dart:18:32 - undefined_identifier
  error - The name 'AutoDisposeProvider' isn't a class - lib\providers\room_provider.g.dart:13:33 - creation_with_non_type
  error - Undefined class 'AutoDisposeProviderRef' - lib\providers\room_provider.g.dart:23:30 - undefined_class
  error - The name 'AutoDisposeStreamProvider' isn't a class - lib\providers\room_provider.g.dart:28:28 - creation_with_non_type
  error - Undefined class 'AutoDisposeStreamProviderRef' - lib\providers\room_provider.g.dart:37:25 - undefined_class
  error - The name 'AutoDisposeNotifierProvider' isn't a class - lib\providers\room_provider.g.dart:43:5 - creation_with_non_type
  error - Undefined class 'AutoDisposeNotifier' - lib\providers\room_provider.g.dart:53:29 - undefined_class
  error - The property 'value' can't be unconditionally accessed because the receiver can be 'null' - lib\screens\day_screen.dart:22:16 - unchecked_use_of_nullable_value
  error - The property 'value' can't be unconditionally accessed because the receiver can be 'null' - lib\screens\day_screen.dart:24:23 - unchecked_use_of_nullable_value
  error - The property 'value' can't be unconditionally accessed because the receiver can be 'null' - lib\screens\lobby_screen.dart:29:16 - unchecked_use_of_nullable_value
  error - The property 'value' can't be unconditionally accessed because the receiver can be 'null' - lib\screens\night_screen.dart:23:16 - unchecked_use_of_nullable_value
  error - The property 'value' can't be unconditionally accessed because the receiver can be 'null' - lib\screens\night_screen.dart:25:23 - unchecked_use_of_nullable_value

